[{"id":"f3dba809-4906-4692-a8d5-2995269ce441","name":"Product A","unitPrice":{"value":10,"currency":"AUD"}},{"id":"b9ecb958-1f34-4517-a357-6443631c10ca","name":"Product B","unitPrice":{"value":20,"currency":"AUD"}},{"id":"d22b2a6b-7a55-4069-b841-060946568824","name":"Product C","unitPrice":{"value":30,"currency":"AUD"}}]
